
--- Vercel Sync Session: 2026-08-21 18:20:14 ---
New Backend URL: https://9b9a8112646e61e8-49-37-243-191.serveousercontent.com
Vercel CLI 59.1.4 (Node.js 24.18.0)
Retrieving project…
(node:72240) Warning: Setting the NODE_TLS_REJECT_UNAUTHORIZED environment variable to '0' makes TLS connections and HTTPS requests insecure by disabling certificate verification.
(Use `node --trace-warnings ...` to show where the warning was created)
{
  "status": "error",
  "reason": "env_not_found",
  "message": "Environment Variable VITE_API_BASE was not found."
}
Vercel CLI 59.1.4 (Node.js 24.18.0)
Retrieving project…
(node:49400) Warning: Setting the NODE_TLS_REJECT_UNAUTHORIZED environment variable to '0' makes TLS connections and HTTPS requests insecure by disabling certificate verification.
(Use `node --trace-warnings ...` to show where the warning was created)
! VITE_ variables can be seen by anyone visiting your site
Retrieving project…
Saving…

✓ Added           VITE_API_BASE
  Project         amairaangel33-6188s-projects/frontend
  Environments    Production
  Type            Sensitive
Common next commands:
- `vercel env ls`
- `vercel env pull`
